Microsoft Windows [Version 10.0.17134.590]
(c) 2018 Microsoft Corporation. All rights reserved.

C:\Users\Chandran-PC>cd ../../

C:\>E:

E:\>cd "Deepa folder\Git training"

E:\Deepa folder\Git training>echo "# git-practice"
"# git-practice"

E:\Deepa folder\Git training>echo "# git-practice" > Readme.txt

E:\Deepa folder\Git training>echo "# git-practice" > 1.docx

E:\Deepa folder\Git training>git init
Initialized empty Git repository in E:/Deepa folder/Git training/.git/

E:\Deepa folder\Git training>git status
On branch master

No commits yet

Untracked files:
  (use "git add <file>..." to include in what will be committed)

        Readme.txt

nothing added to commit but untracked files present (use "git add" to track)

E:\Deepa folder\Git training>git add .

E:\Deepa folder\Git training>git status
On branch master

No commits yet

Changes to be committed:
  (use "git rm --cached <file>..." to unstage)

        new file:   Readme.txt


E:\Deepa folder\Git training>git
usage: git [--version] [--help] [-C <path>] [-c <name>=<value>]
           [--exec-path[=<path>]] [--html-path] [--man-path] [--info-path]
           [-p | --paginate | -P | --no-pager] [--no-replace-objects] [--bare]
           [--git-dir=<path>] [--work-tree=<path>] [--namespace=<name>]
           <command> [<args>]

These are common Git commands used in various situations:

start a working area (see also: git help tutorial)
   clone      Clone a repository into a new directory
   init       Create an empty Git repository or reinitialize an existing one

work on the current change (see also: git help everyday)
   add        Add file contents to the index
   mv         Move or rename a file, a directory, or a symlink
   reset      Reset current HEAD to the specified state
   rm         Remove files from the working tree and from the index

examine the history and state (see also: git help revisions)
   bisect     Use binary search to find the commit that introduced a bug
   grep       Print lines matching a pattern
   log        Show commit logs
   show       Show various types of objects
   status     Show the working tree status

grow, mark and tweak your common history
   branch     List, create, or delete branches
   checkout   Switch branches or restore working tree files
   commit     Record changes to the repository
   diff       Show changes between commits, commit and working tree, etc
   merge      Join two or more development histories together
   rebase     Reapply commits on top of another base tip
   tag        Create, list, delete or verify a tag object signed with GPG

collaborate (see also: git help workflows)
   fetch      Download objects and refs from another repository
   pull       Fetch from and integrate with another repository or a local branch
   push       Update remote refs along with associated objects

'git help -a' and 'git help -g' list available subcommands and some
concept guides. See 'git help <command>' or 'git help <concept>'
to read about a specific subcommand or concept.

E:\Deepa folder\Git training>git rm Readme.txt
error: the following file has changes staged in the index:
    Readme.txt
(use --cached to keep the file, or -f to force removal)

E:\Deepa folder\Git training>git remote -v

E:\Deepa folder\Git training>git remote add origin https://github.com/deepa1994/git-practice.git

E:\Deepa folder\Git training>git remote -v
origin  https://github.com/deepa1994/git-practice.git (fetch)
origin  https://github.com/deepa1994/git-practice.git (push)

E:\Deepa folder\Git training>git reset Readme.txt

E:\Deepa folder\Git training>git status
On branch master

No commits yet

Untracked files:
  (use "git add <file>..." to include in what will be committed)

        Readme.txt

nothing added to commit but untracked files present (use "git add" to track)

E:\Deepa folder\Git training>git add Readme.txt

E:\Deepa folder\Git training>git status
On branch master

No commits yet

Changes to be committed:
  (use "git rm --cached <file>..." to unstage)

        new file:   Readme.txt


E:\Deepa folder\Git training>git commit -m "Test push read file" Readme.txt

*** Please tell me who you are.

Run

  git config --global user.email "you@example.com"
  git config --global user.name "Your Name"

to set your account's default identity.
Omit --global to set the identity only in this repository.

fatal: unable to auto-detect email address (got 'Chandran-PC@DESKTOP-GEN913K.(none)')

E:\Deepa folder\Git training>git commit -m "Test push"

*** Please tell me who you are.

Run

  git config --global user.email "you@example.com"
  git config --global user.name "Your Name"

to set your account's default identity.
Omit --global to set the identity only in this repository.

fatal: unable to auto-detect email address (got 'Chandran-PC@DESKTOP-GEN913K.(none)')

E:\Deepa folder\Git training>git config --global user.email "deepapriya393@gmail.com"

E:\Deepa folder\Git training>git commit -m "Test push"
[master (root-commit) 48b2bc7] Test push
 1 file changed, 1 insertion(+)
 create mode 100644 Readme.txt

E:\Deepa folder\Git training>git push
fatal: The current branch master has no upstream branch.
To push the current branch and set the remote as upstream, use

    git push --set-upstream origin master


E:\Deepa folder\Git training>git push origin master
Enumerating objects: 3, done.
Counting objects: 100% (3/3), done.
Writing objects: 100% (3/3), 233 bytes | 116.00 KiB/s, done.
Total 3 (delta 0), reused 0 (delta 0)
To https://github.com/deepa1994/git-practice.git
 * [new branch]      master -> master

E:\Deepa folder\Git training>